API KEY: 757b9c2dbd2e430e98d7172b1acdca94
node:events:496
      throw er; // Unhandled 'error' event
      ^

Error: listen EADDRINUSE: address already in use :::3000
    at Server.setupListenHandle [as _listen2] (node:net:1907:16)
    at listenInCluster (node:net:1964:12)
    at Server.listen (node:net:2066:7)
    at Function.listen (C:\Users\mayur\OneDrive\Desktop\newsnex\News-app\server\node_modules\express\lib\application.js:635:24)
    at Object.<anonymous> (C:\Users\mayur\OneDrive\Desktop\newsnex\News-app\server\index.js:79:5)
    at Module._compile (node:internal/modules/cjs/loader:1546:14)
    at Object..js (node:internal/modules/cjs/loader:1689:10)
    at Module.load (node:internal/modules/cjs/loader:1318:32)
    at Function._load (node:internal/modules/cjs/loader:1128:12)
    at TracingChannel.traceSync (node:diagnostics_channel:315:14)
Emitted 'error' event on Server instance at:
    at emitErrorNT (node:net:1943:8)
    at process.processTicksAndRejections (node:internal/process/task_queues:90:21) {
  code: 'EADDRINUSE',
  errno: -4091,
  syscall: 'listen',
  address: '::',
  port: 3000
}

Node.js v22.11.0
